0
	happiness:143395:1:0@0	Constant:116060:1:0@0
0.506846
	happiness:143395:1:0.253423@4	Constant:116060:1:0.253423@4
0.369210
	Constant:116060:1:0.36921@4.9728	happiness^true:172839:1:0@0
0.726737
	Constant:116060:1:0.487168@6.56439	happiness^true:172839:1:0.239569@1.59158	sadness^false:94443:1:0@0
0.517663
	Constant:116060:1:0.517663@6.86308	emotion^happiness:196388:1:0@0
0.593155
	Constant:116060:1:0.593155@7.79367	emotion^happiness^true:54560:1:0@0
