0
	Constant:116060:1:0@0
0.393395
	Constant:116060:1:0.393395@4	happiness:143395:1:0@0
0.781713
	Constant:116060:1:0.526028@5.47188	happiness:143395:1:0.255685@1.47188
0.572360
	Constant:116060:1:0.57236@5.66247	emotion^happiness:196388:1:0@0
0.647337
	Constant:116060:1:0.647337@6.39398	emotion^happiness^true:248861:1:0@0
