0
	s^p^the_man:3563:1:0@0	s^w^the:145229:1:0@0	s^w^man:31316:1:0@0	t^p^un_homme:68438:1:0@0	t^w^un:149058:1:0@0	t^w^homme:25913:1:0@0	Constant:116060:1:0@0	s^p^the_man*t^p^un_homme:58279:1:0@0	s^p^the_man*t^w^un:241331:1:0@0	s^p^the_man*t^w^homme:101832:1:0@0	s^w^the*t^p^un_homme:1377:1:0@0	s^w^the*t^w^un:215157:1:0@0	s^w^the*t^w^homme:92942:1:0@0	s^w^man*t^p^un_homme:104810:1:0@0	s^w^man*t^w^un:185470:1:0@0	s^w^man*t^w^homme:63237:1:0@0
0.432299
	s^p^the_man:3563:1:0.0540374@4	s^w^the:145229:1:0.0540374@4	s^w^man:31316:1:0.0540374@4	t^w^homme:25913:1:0.0540374@4	Constant:116060:1:0.0540374@4	s^p^the_man*t^w^homme:101832:1:0.0540374@4	s^w^the*t^w^homme:92942:1:0.0540374@4	s^w^man*t^w^homme:63237:1:0.0540374@4	t^p^le_homme:73877:1:0@0	t^w^le:112588:1:0@0	s^p^the_man*t^p^le_homme:51300:1:0@0	s^p^the_man*t^w^le:24381:1:0@0	s^w^the*t^p^le_homme:11938:1:0@0	s^w^the*t^w^le:47611:1:0@0	s^w^man*t^p^le_homme:111273:1:0@0	s^w^man*t^w^le:75248:1:0@0
0.680183
	s^w^man:31316:1:0.116008@13.8307	t^w^homme:25913:1:0.116008@13.8307	Constant:116060:1:0.116008@13.8307	s^w^man*t^w^homme:63237:1:0.116008@13.8307	t^p^un_homme:68438:1:0.0540374@4	t^w^un:149058:1:0.0540374@4	s^w^man*t^p^un_homme:104810:1:0.0540374@4	s^w^man*t^w^un:185470:1:0.0540374@4	s^p^a_man:235860:1:0@0	s^w^a:204777:1:0@0	s^p^a_man*t^p^un_homme:218218:1:0@0	s^p^a_man*t^w^un:6526:1:0@0	s^p^a_man*t^w^homme:145925:1:0@0	s^w^a*t^p^un_homme:143517:1:0@0	s^w^a*t^w^un:97673:1:0@0	s^w^a*t^w^homme:220914:1:0@0
0.906079
	s^w^man:31316:1:0.121372@14.2399	t^w^homme:25913:1:0.121372@14.2399	Constant:116060:1:0.121372@14.2399	s^w^man*t^w^homme:63237:1:0.121372@14.2399	t^p^le_homme:73877:1:0.0735071@9.83074	t^w^le:112588:1:0.0735071@9.83074	s^w^man*t^p^le_homme:111273:1:0.0735071@9.83074	s^w^man*t^w^le:75248:1:0.0735071@9.83074	s^p^a_man:235860:1:0.031641@0.40913	s^w^a:204777:1:0.031641@0.40913	s^p^a_man*t^w^homme:145925:1:0.031641@0.40913	s^w^a*t^w^homme:220914:1:0.031641@0.40913	s^p^a_man*t^p^le_homme:229289:1:0@0	s^p^a_man*t^w^le:256240:1:0@0	s^w^a*t^p^le_homme:138078:1:0@0	s^w^a*t^w^le:166919:1:0@0
1.556054
	:31316:1:0.155292@19.0265	:25913:1:0.155292@19.0265	Constant:116060:1:0.155292@19.0265	:63237:1:0.155292@19.0265	:3563:1:0.116008@13.8307	:145229:1:0.116008@13.8307	:101832:1:0.116008@13.8307	:92942:1:0.116008@13.8307	:68438:1:0.0636757@4.40913	:149058:1:0.0636757@4.40913	:104810:1:0.0636757@4.40913	:185470:1:0.0636757@4.40913	:58279:1:0.0540374@4	:241331:1:0.0540374@4	:1377:1:0.0540374@4	:215157:1:0.0540374@4
1.680927
	:31316:1:0.138263@20.2633	:25913:1:0.138263@20.2633	Constant:116060:1:0.138263@20.2633	:63237:1:0.138263@20.2633	:73877:1:0.1122@14.6174	:112588:1:0.1122@14.6174	:111273:1:0.1122@14.6174	:75248:1:0.1122@14.6174	:3563:1:0.0962617@15.0675	:145229:1:0.0962617@15.0675	:101832:1:0.0962617@15.0675	:92942:1:0.0962617@15.0675	:51300:1:0.0735071@9.83074	:24381:1:0.0735071@9.83074	:11938:1:0.0735071@9.83074	:47611:1:0.0735071@9.83074
1.234996
	:31316:1:0.149151@20.6705	:25913:1:0.149151@20.6705	Constant:116060:1:0.149151@20.6705	:63237:1:0.149151@20.6705	:235860:1:0.0965379@5.19578	:204777:1:0.0965379@5.19578	:145925:1:0.0965379@5.19578	:220914:1:0.0965379@5.19578	:218218:1:0.031641@0.40913	:6526:1:0.031641@0.40913	:143517:1:0.031641@0.40913	:97673:1:0.031641@0.40913	:68438:1:0.0314194@5.64592	:149058:1:0.0314194@5.64592	:104810:1:0.0314194@5.64592	:185470:1:0.0314194@5.64592
1.693874
	:31316:1:0.144158@20.8914	:25913:1:0.144158@20.8914	Constant:116060:1:0.144158@20.8914	:63237:1:0.144158@20.8914	:73877:1:0.124966@15.0246	:112588:1:0.124966@15.0246	:111273:1:0.124966@15.0246	:75248:1:0.124966@15.0246	:235860:1:0.0867298@5.41668	:204777:1:0.0867298@5.41668	:145925:1:0.0867298@5.41668	:220914:1:0.0867298@5.41668	:229289:1:0.0676149@4.78665	:256240:1:0.0676149@4.78665	:138078:1:0.0676149@4.78665	:166919:1:0.0676149@4.78665
